// Jest Snapshot v1, https://goo.gl/fbAQLP

exports[`COMPANIES TEST Companies Snapshot should matches 1`] = `
<DocumentFragment>
  <h2>
    Companies List Loading....
  </h2>
</DocumentFragment>
`;
