// Jest Snapshot v1, https://goo.gl/fbAQLP

exports[`LOGIN TESTS  1`] = `
<DocumentFragment>
  <div>
    <div
      class="container"
    >
      <div
        class="row"
      >
        <div
          class="Login-div-title col"
        >
          <h3
            class="Login-h3"
          >
            Log In
          </h3>
        </div>
      </div>
      <div
        class="row"
      >
        <div
          class="col"
        >
          <form
            class="Login-form"
          >
            <div
              class="form-group"
            >
              <label
                class="Login-label"
                for="username"
              >
                Username
              </label>
              <input
                class="Login-Input form-control"
                id="username"
                name="username"
                placeholder="Username Here"
                type="text"
                value=""
              />
            </div>
            <div
              class="form-group"
            >
              <label
                class="Login-label"
                for="password"
              >
                password
              </label>
              <input
                class="Login-Input form-control"
                id="password"
                name="password"
                placeholder="Password Here"
                type="password"
                value=""
              />
            </div>
            <button
              class="Login-button btn btn-success"
            >
              Log In
            </button>
          </form>
        </div>
      </div>
      <div
        class="row"
      >
        <div
          class="Login-signUp-div col"
        >
          <p
            class="Login-signUp-p"
          >
            New User ? 
          </p>
          <a
            class="Login-signUp-link"
            href="/signup"
          >
            Create an account.
          </a>
        </div>
      </div>
    </div>
  </div>
</DocumentFragment>
`;
