// Jest Snapshot v1, https://goo.gl/fbAQLP

exports[`PROFILE TESTS matches snapshot 1`] = `
<DocumentFragment>
  <div
    class="container"
  >
    <div
      class="row"
    >
      <div
        class="Profile-user-info col-6 col-md-6 offset-md-3"
      >
        <h3
          class="Profile-title"
        >
          Profile
        </h3>
      </div>
    </div>
    <div
      class="row"
    >
      <div
        class="Profile-user-info col-6 col-md-6 offset-md-3"
      >
        <h4>
          UserName: test
        </h4>
      </div>
    </div>
    <div
      class="row"
    >
      <div
        class="Profile-user-info col-6 col-md-6 offset-md-3"
      >
        <h4>
          First Name: 
        </h4>
      </div>
    </div>
    <div
      class="row"
    >
      <div
        class="Profile-user-info col-6 col-md-6 offset-md-3"
      >
        <h4>
          Last Name: 
        </h4>
      </div>
    </div>
    <div
      class="row"
    >
      <div
        class="Profile-user-info col-6 col-md-6 offset-md-3"
      >
        <h4>
          Email: test
        </h4>
      </div>
    </div>
  </div>
</DocumentFragment>
`;
